// Vitest Snapshot v1, https://vitest.dev/guide/snapshot.html

exports[`Select > renders and allows selecting an item 1`] = `
<DocumentFragment>
  <span
    class=""
    style="display: contents;"
  >
    <span
      class=" "
      style="display: contents;"
    >
      <span
        class=" t_dark is_Theme"
        style="display: contents;"
      >
        <button
          aria-autocomplete="none"
          aria-controls=":r3:"
          aria-expanded="true"
          aria-haspopup="listbox"
          class="is_ListItem _outlineStyle-0focus-visible-solid _outlineWidth-0focus-visible-2px _display-flex _alignItems-center _flexBasis-auto _boxSizing-border-box _position-relative _minHeight-0px _minWidth-0px _flexShrink-0 _flexDirection-row _justifyContent-space-betwe3241 _flexWrap-nowrap _width-10037 _borderTopColor-borderColor _borderRightColor-borderColor _borderBottomColor-borderColor _borderLeftColor-borderColor _maxWidth-10037 _overflowX-hidden _overflowY-hidden _backgroundColor-background _cursor-pointer _borderTopWidth-1px _borderRightWidth-1px _borderBottomWidth-1px _borderLeftWidth-1px _borderTopStyle-solid _borderRightStyle-solid _borderBottomStyle-solid _borderLeftStyle-solid"
          data-disable-theme="true"
          role="combobox"
          tabindex="0"
          type="button"
        >
          <span
            class="is_SelectValue font_body _display-inline _boxSizing-border-box _wordWrap-break-word _whiteSpace-nowrap _marginTop-0px _marginRight-0px _marginBottom-0px _marginLeft-0px _fontFamily-f-family _fontSize-f-size-4 _lineHeight-f-lineHeigh112923 _userSelect-none _maxWidth-10037 _overflowX-hidden _overflowY-hidden _textOverflow-ellipsis _pointerEvents-none"
            data-disable-theme="true"
          >
            Select a fruit
          </span>
        </button>
        <div
          style="display: contents;"
        />
        <div
          style="display: contents;"
        />
      </span>
    </span>
  </span>
</DocumentFragment>
`;
