// Vitest Snapshot v1, https://vitest.dev/guide/snapshot.html

exports[`Stack primitives > renders vertical stack by default 1`] = `
<div>
  <span
    class=""
    style="display: contents;"
  >
    <span
      class=" "
      style="display: contents;"
    >
      <span
        class=" t_dark is_Theme"
        style="display: contents;"
      >
        <div
          aria-orientation="vertical"
          class="is_Stack _alignItems-flex-start _flexDirection-column _flexBasis-auto _boxSizing-border-box _position-relative _minHeight-0px _minWidth-0px _flexShrink-0 _display-flex _justifyContent-flex-start"
          role="group"
        >
          <div>
            Item A
          </div>
          <div>
            Item B
          </div>
        </div>
        <div
          style="display: contents;"
        />
        <div
          style="display: contents;"
        />
      </span>
    </span>
  </span>
</div>
`;
